#-----------------------------------------------------------
# PlanAhead v14.7 (64-bit)
# Build 321239 by xbuild on Fri Sep 27 19:24:36 MDT 2013
# Start of session at: Mon May  5 14:15:47 2025
# Process ID: 3916
# Log file: /home/sd/ula/planAhead_run_1/planAhead.log
# Journal file: /home/sd/ula/planAhead_run_1/planAhead.jou
#-----------------------------------------------------------
start_gui
source /home/sd/ula/pa.fromHdl.tcl
update_compile_order -fileset sim_1
set_property iostandard LVCMOS33 [get_ports [list {indicators[3]} {indicators[2]} {indicators[1]} {indicators[0]}]]
set_property iostandard LVCMOS33 [get_ports [list {input[3]} {input[2]} {input[1]} {input[0]}]]
set_property iostandard LVCMOS33 [get_ports [list {output[3]} {output[2]} {output[1]} {output[0]}]]
startgroup
set_property package_pin W21 [get_ports {indicators[3]}]
endgroup
startgroup
set_property package_pin Y22 [get_ports {indicators[2]}]
endgroup
startgroup
set_property package_pin V20 [get_ports {indicators[1]}]
endgroup
startgroup
set_property package_pin V19 [get_ports {indicators[0]}]
endgroup
startgroup
set_property package_pin T9 [get_ports {input[3]}]
endgroup
startgroup
set_property package_pin U8 [get_ports {input[2]}]
endgroup
startgroup
set_property package_pin U10 [get_ports {input[1]}]
endgroup
startgroup
set_property package_pin V8 [get_ports {input[0]}]
endgroup
startgroup
set_property package_pin U19 [get_ports {output[3]}]
endgroup
startgroup
set_property package_pin U20 [get_ports {output[3]}]
endgroup
startgroup
set_property package_pin U19 [get_ports {output[3]}]
endgroup
startgroup
set_property package_pin U20 [get_ports {output[2]}]
endgroup
startgroup
set_property package_pin T19 [get_ports {output[1]}]
endgroup
startgroup
set_property package_pin R20 [get_ports {output[0]}]
endgroup
startgroup
set_property package_pin E12 [get_ports clock]
endgroup
startgroup
set_property package_pin T15 [get_ports button]
endgroup
save_constraints
