AR debouncer behavioral /home/sd/Desktop/ula/debouncer.vhdl sub00/vhpl01 1746469469
EN ula NULL /home/sd/Desktop/ula/ula.vhdl sub00/vhpl02 1746469470
AR ula behavioral /home/sd/Desktop/ula/ula.vhdl sub00/vhpl03 1746469471
EN debouncer NULL /home/sd/Desktop/ula/debouncer.vhdl sub00/vhpl00 1746469468
